
> ngo@0.0.0 build
> vite build

[36mvite v5.4.21 [32mbuilding for production...[36m[39m
transforming...
[32mΓ£ô[39m 2931 modules transformed.
node.exe : [31mx[39m 
Build failed in 13.87s
At line:1 char:1
+ & "C:\Program 
Files\nodejs/node.exe" 
"C:\Program 
Files\nodejs/node_mo ...
+ ~~~~~~~~~~~~~~~~~~~~~~~~
~~~~~~~~~~~~~~~~~~~~~~~~~~
~~~~~~~~~~~~~~~~~~~
    + CategoryInfo        
      : NotSpecified: (  
  [31mx[39m Build fail   
 ed in 13.87s:String)     
[], RemoteException
    + FullyQualifiedError 
   Id : NativeCommandErr  
  or
 
[31merror during build:
[31msrc/admin/AdminSideba
r.jsx (6:9): "useAuth" is 
not exported by "src/conte
xt/AuthContext.jsx", 
imported by "src/admin/Adm
inSidebar.jsx".[31m
file: [36mC:/Users/janag/
OneDrive/Desktop/NGO/src/a
dmin/AdminSidebar.jsx:6:9
[31m
[33m
4: import { db } from 
'../firebase/config';
5: import { collection, 
query, where, onSnapshot 
} from 
'firebase/firestore';
6: import { useAuth } 
from 
'../context/AuthContext';
            ^
7: import { motion, 
AnimatePresence } from 
'framer-motion';
[31m
    at getRollupError (fil
e:///C:/Users/janag/OneDri
ve/Desktop/NGO/node_module
s/vite/node_modules/rollup
/dist/es/shared/parseAst.j
s:406:41)
    at error (file:///C:/U
sers/janag/OneDrive/Deskto
p/NGO/node_modules/vite/no
de_modules/rollup/dist/es/
shared/parseAst.js:402:42)
    at Module.error (file:
///C:/Users/janag/OneDrive
/Desktop/NGO/node_modules/
vite/node_modules/rollup/d
ist/es/shared/node-entry.j
s:17380:16)
    at 
Module.traceVariable (file
:///C:/Users/janag/OneDriv
e/Desktop/NGO/node_modules
/vite/node_modules/rollup/
dist/es/shared/node-entry.
js:17813:29)
    at 
ModuleScope.findVariable (
file:///C:/Users/janag/One
Drive/Desktop/NGO/node_mod
ules/vite/node_modules/rol
lup/dist/es/shared/node-en
try.js:15403:39)
    at ReturnValueScope.fi
ndVariable (file:///C:/Use
rs/janag/OneDrive/Desktop/
NGO/node_modules/vite/node
_modules/rollup/dist/es/sh
ared/node-entry.js:5676:38
)
    at FunctionBodyScope.f
indVariable (file:///C:/Us
ers/janag/OneDrive/Desktop
/NGO/node_modules/vite/nod
e_modules/rollup/dist/es/s
hared/node-entry.js:5676:3
8)
    at Identifier.bind (fi
le:///C:/Users/janag/OneDr
ive/Desktop/NGO/node_modul
es/vite/node_modules/rollu
p/dist/es/shared/node-entr
y.js:5450:40)
    at 
CallExpression.bind (file:
///C:/Users/janag/OneDrive
/Desktop/NGO/node_modules/
vite/node_modules/rollup/d
ist/es/shared/node-entry.j
s:2832:23)
    at 
CallExpression.bind (file:
///C:/Users/janag/OneDrive
/Desktop/NGO/node_modules/
vite/node_modules/rollup/d
ist/es/shared/node-entry.j
s:12512:15)[39m
